<html>
<body>
<pre>
<h1>礦ision Build Log</h1>
<h2>Project:</h2>
F:\LW_files\stm32F1\MenJin\MenJinProject\Project\MDK-ARM(uV4)\project.uvproj
Project File Date:  01/17/2018

<h2>Output:</h2>
Build target 'Flash'
compiling bsp_led.c...
linking...
Program Size: Code=24324 RO-data=380 RW-data=172 ZI-data=12292  
FromELF: creating hex file...
After Build - User command #1: CopyHex_Flash.bat
F:\LW_files\stm32F1\MenJin\MenJinProject\Project\MDK-ARM(uV4)>copy Flash\Obj\output.hex ..\output(mdk).hex 
已复制         1 个文件。
".\Flash\Obj\output.axf" - 0 Error(s), 0 Warning(s).
0 Error(s), 0 Warning(s).
pi_bus.c...
compiling bsp_spi_flash.c...
compiling key.c...
compiling device.c...
compiling socket.c...
compiling spi2.c...
compiling w5500.c...
compiling ds1302.c...
compiling CRC8_16.c...
compiling bsp_led.c...
compiling protocal.c...
compiling bsp_timer.c...
compiling bsp_uart_fifo.c...
compiling bsp_cpu_flash.c...
compiling bsp_dwt.c...
compiling bsp_iwdg.c...
compiling param.c...
".\Flash\Obj\output.axf" - 1 Error(s), 1 Warning(s).
Target not created

compiling bsp_iwdg.c...
compiling param.c...
".\Flash\Obj\output.axf" - 3 Error(s), 1 Warning(s).
Target not created
